1	1	punctuator	!	not
2	1	punctuator	!=	not_eq
3	1	punctuator	%	mod
4	1	punctuator	%=	mod_eq
5	1	punctuator	&	and_bin
6	1	punctuator	&&	and
7	1	punctuator	&=	and_bin_eq
8	1	punctuator	(	left_brace
9	1	punctuator	)	right_brace
10	1	punctuator	*	asterisk
11	1	punctuator	*=	asterisk_eq
12	1	punctuator	+	plus
13	1	punctuator	++	increment
14	1	punctuator	+=	plus_eq
15	1	punctuator	,	comma
16	1	punctuator	-	minus
17	1	punctuator	->	field_ptr
18	1	punctuator	--	decrement
19	1	punctuator	-=	minus_eq
20	1	punctuator	.	field
21	1	punctuator	/	div
22	1	punctuator	/=	div_eq
23	1	punctuator	:	ternary_c
24	1	punctuator	;	semicolon
25	1	punctuator	<	less
26	1	punctuator	<<	left_shift
27	1	punctuator	<=	less_eq
28	1	punctuator	<<=	left_shift_eq
29	1	punctuator	=	assign
30	1	punctuator	==	equal
31	1	punctuator	>	greater
32	1	punctuator	>>	right_shift
33	1	punctuator	>=	greater_eq
34	1	punctuator	>>=	right_shift_eq
35	1	punctuator	?	ternary_q
36	1	punctuator	[	squarebrace_left
37	1	punctuator	]	right_squarebrace
38	1	punctuator	^	xor
39	1	punctuator	^=	xor_eq
40	1	punctuator	{	left_curlybrace
41	1	punctuator	|	or_bin
42	1	punctuator	||	or
43	1	punctuator	|=	or_bin_eq
44	1	punctuator	}	right_curlybrace
45	1	punctuator	~	not_bin
