1	1	keyword	int	int
1	13	identifier	LSQ_IsIteratorPastRear	LSQ_IsIteratorPastRear
1	47	punctuator	(	left_brace
1	80	identifier	LSQ_IteratorT	LSQ_IteratorT
1	110	identifier	iterator	iterator
1	118	punctuator	)	right_brace
2	19	punctuator	{	left_curlybrace
3	5	keyword	if	if
3	20	punctuator	(	left_brace
3	35	identifier	iterator	iterator
3	51	punctuator	==	equal
3	54	identifier	NULL	NULL
3	68	punctuator	)	right_brace
4	1	keyword	return	return
4	54	integer	0	0
4	55	punctuator	;	semicolon
6	5	identifier	LSQ_IterT	LSQ_IterT
6	14	punctuator	*	asterisk
6	16	identifier	iter	iter
6	21	punctuator	=	assign
6	53	identifier	iterator	iterator
6	61	punctuator	;	semicolon
7	5	keyword	return	return
7	12	identifier	iter	iter
7	48	punctuator	->	field_ptr
7	50	identifier	flag	flag
7	55	punctuator	==	equal
7	81	integer	1	1
7	95	punctuator	;	semicolon
17	26	punctuator	}	right_curlybrace
